// Jest Snapshot v1, https://goo.gl/fbAQLP

exports[`отображается корректно 1`] = `<a />`;
